// Jest Snapshot v1, https://goo.gl/fbAQLP

exports[`renders correctly 1`] = `
<h2
  className="quote"
>
  “Sometimes it is the people no one can imagine anything of who do the things no one can imagine.” -Alan Turing
</h2>
`;
